2025-09-10 14:51:17,603 [INFO] Activator:176 - 


2025-09-10 14:51:17,611 [INFO] Activator:177 - !SESSION log4j initialized
2025-09-10 14:51:21,877 [INFO] LogOutputStream:77 - [STDOUT_REDIRECT] 
2025-09-10 14:51:29,162 [INFO] ApplicationProperties:184 - Using Application install path: D:\ST\STM32CubeIDE_1.15.1\STM32CubeIDE\plugins\com.st.stm32cube.common.mx_6.11.1.202404110753
2025-09-10 14:51:29,186 [INFO] DbMcusXml:78 - Set database path to: D:\ST\STM32CubeIDE_1.15.1\STM32CubeIDE\plugins\com.st.stm32cube.common.mx_6.11.1.202404110753\\db\/mcu/
2025-09-10 14:51:29,186 [INFO] ApiDb:274 - Set plugin database path to: D:\ST\STM32CubeIDE_1.15.1\STM32CubeIDE\plugins\com.st.stm32cube.common.mx_6.11.1.202404110753\\db\/plugins/boardmanager/
2025-09-10 14:51:29,187 [WARN] ApiDb:259 - Overriding images path with different value:  => D:\ST\STM32CubeIDE_1.15.1\STM32CubeIDE\plugins\com.st.stm32cube.common.mx_6.11.1.202404110753\\db\/plugins/mcufinder/images/
2025-09-10 14:51:29,197 [INFO] ApiDb:250 - Set database path to: C:\Users\hp\.stmcufinder\plugins\mcufinder//mcu/
2025-09-10 14:51:29,198 [INFO] DbMcusAds:125 - Set database path to: C:\Users\hp\.stmcufinder\plugins\mcufinder//mcu/
2025-09-10 14:51:29,200 [INFO] CrossReferenceDbSqlite:203 - Set database path to: C:\Users\hp\.stmcufinder\plugins\mcufinder//mcu/cs/
2025-09-10 14:51:29,344 [INFO] RulesReader:64 - Compatibility file has been processed (297 Rules)
2025-09-10 14:51:29,458 [INFO] DbMcusXml:78 - Set database path to: D:\ST\STM32CubeIDE_1.15.1\STM32CubeIDE\plugins\com.st.stm32cube.common.mx_6.11.1.202404110753\\db\/mcu/
2025-09-10 14:51:29,458 [INFO] ApiDb:274 - Set plugin database path to: D:\ST\STM32CubeIDE_1.15.1\STM32CubeIDE\plugins\com.st.stm32cube.common.mx_6.11.1.202404110753\\db\/plugins/boardmanager/
2025-09-10 14:51:29,458 [INFO] ApiDb:261 - Set plugin images path to: D:\ST\STM32CubeIDE_1.15.1\STM32CubeIDE\plugins\com.st.stm32cube.common.mx_6.11.1.202404110753\\db\/plugins/mcufinder/images/
2025-09-10 14:51:29,458 [WARN] DbFile:41 - Overriding database path with different value: C:\Users\hp\.stmcufinder\plugins\mcufinder/ => C:\Users\hp\.stmcufinder\plugins\mcufinder
2025-09-10 14:51:29,459 [INFO] ApiDb:250 - Set database path to: C:\Users\hp\.stmcufinder\plugins\mcufinder//mcu/
2025-09-10 14:51:29,459 [WARN] DbFile:41 - Overriding database path with different value: C:\Users\hp\.stmcufinder\plugins\mcufinder/ => C:\Users\hp\.stmcufinder\plugins\mcufinder
2025-09-10 14:51:29,459 [INFO] DbMcusAds:125 - Set database path to: C:\Users\hp\.stmcufinder\plugins\mcufinder//mcu/
2025-09-10 14:51:29,459 [WARN] DbFile:41 - Overriding database path with different value: C:\Users\hp\.stmcufinder\plugins\mcufinder/ => C:\Users\hp\.stmcufinder\plugins\mcufinder
2025-09-10 14:51:29,459 [WARN] DbFile:41 - Overriding database path with different value: C:\Users\hp\.stmcufinder\plugins\mcufinder/ => C:\Users\hp\.stmcufinder\plugins\mcufinder
2025-09-10 14:51:29,459 [INFO] CrossReferenceDbSqlite:203 - Set database path to: C:\Users\hp\.stmcufinder\plugins\mcufinder//mcu/cs/
2025-09-10 14:51:29,550 [INFO] MainPanel:264 - HeapMemory: 268435456
2025-09-10 14:51:29,668 [INFO] DbMcusXml:78 - Set database path to: D:\ST\STM32CubeIDE_1.15.1\STM32CubeIDE\plugins\com.st.stm32cube.common.mx_6.11.1.202404110753\\db\/mcu/
2025-09-10 14:51:29,668 [INFO] ApiDb:274 - Set plugin database path to: D:\ST\STM32CubeIDE_1.15.1\STM32CubeIDE\plugins\com.st.stm32cube.common.mx_6.11.1.202404110753\\db\/plugins/boardmanager/
2025-09-10 14:51:29,668 [INFO] ApiDb:261 - Set plugin images path to: D:\ST\STM32CubeIDE_1.15.1\STM32CubeIDE\plugins\com.st.stm32cube.common.mx_6.11.1.202404110753\\db\/plugins/mcufinder/images/
2025-09-10 14:51:29,668 [WARN] DbFile:41 - Overriding database path with different value: C:\Users\hp\.stmcufinder\plugins\mcufinder/ => C:\Users\hp\.stmcufinder\plugins\mcufinder
2025-09-10 14:51:29,668 [INFO] ApiDb:250 - Set database path to: C:\Users\hp\.stmcufinder\plugins\mcufinder//mcu/
2025-09-10 14:51:29,668 [WARN] DbFile:41 - Overriding database path with different value: C:\Users\hp\.stmcufinder\plugins\mcufinder/ => C:\Users\hp\.stmcufinder\plugins\mcufinder
2025-09-10 14:51:29,669 [INFO] DbMcusAds:125 - Set database path to: C:\Users\hp\.stmcufinder\plugins\mcufinder//mcu/
2025-09-10 14:51:29,669 [WARN] DbFile:41 - Overriding database path with different value: C:\Users\hp\.stmcufinder\plugins\mcufinder/ => C:\Users\hp\.stmcufinder\plugins\mcufinder
2025-09-10 14:51:29,669 [WARN] DbFile:41 - Overriding database path with different value: C:\Users\hp\.stmcufinder\plugins\mcufinder/ => C:\Users\hp\.stmcufinder\plugins\mcufinder
2025-09-10 14:51:29,669 [INFO] CrossReferenceDbSqlite:203 - Set database path to: C:\Users\hp\.stmcufinder\plugins\mcufinder//mcu/cs/
2025-09-10 14:51:29,687 [INFO] ApplicationProperties:184 - Using Application install path: D:\ST\STM32CubeIDE_1.15.1\STM32CubeIDE\plugins\com.st.stm32cube.common.mx_6.11.1.202404110753
2025-09-10 14:51:29,689 [INFO] PluginManage:196 - Search for loadable plugins [exclusion list=, ]
2025-09-10 14:51:29,690 [INFO] PluginManage:310 - Check plugin analytics
2025-09-10 14:51:35,081 [INFO] AnalyticsPlugin:253 - Accepted Software Licenses: 
2025-09-10 14:51:35,081 [INFO] AnalyticsPlugin:255 - Accepted CMSIS Pack Licenses: 
2025-09-10 14:51:35,081 [INFO] AnalyticsPlugin:257 - Accepted Firmware Licenses: 
2025-09-10 14:51:35,097 [INFO] PluginManage:359 - Loaded plugin analytics (category:tool,tabindex:-1)
2025-09-10 14:51:35,097 [INFO] PluginManage:310 - Check plugin cadmodel
2025-09-10 14:51:35,138 [INFO] CADModel:105 - Init CAD model plugin
2025-09-10 14:51:35,138 [INFO] PluginManage:359 - Loaded plugin cadmodel (category:power,tabindex:5)
2025-09-10 14:51:35,138 [INFO] PluginManage:310 - Check plugin clock
2025-09-10 14:51:35,187 [INFO] PluginManage:359 - Loaded plugin clock (category:base,tabindex:2)
2025-09-10 14:51:35,187 [INFO] PluginManage:310 - Check plugin ddr
2025-09-10 14:51:35,195 [INFO] PluginManage:359 - Loaded plugin ddr (category:tool,tabindex:6)
2025-09-10 14:51:35,195 [INFO] PluginManage:310 - Check plugin filemanager
2025-09-10 14:51:35,623 [INFO] PluginManage:359 - Loaded plugin filemanager (category:base,tabindex:10)
2025-09-10 14:51:35,623 [INFO] PluginManage:310 - Check plugin ipmanager
2025-09-10 14:51:35,647 [INFO] PluginManage:359 - Loaded plugin ipmanager (category:base,tabindex:5)
2025-09-10 14:51:35,647 [INFO] PluginManage:310 - Check plugin lpbam
2025-09-10 14:51:35,691 [INFO] PluginManage:359 - Loaded plugin lpbam (category:base,tabindex:0)
2025-09-10 14:51:35,691 [INFO] PluginManage:310 - Check plugin memorymap
2025-09-10 14:51:35,753 [INFO] PluginManage:359 - Loaded plugin memorymap (category:base,tabindex:4)
2025-09-10 14:51:35,753 [INFO] PluginManage:310 - Check plugin pinoutandconfiguration
2025-09-10 14:51:35,793 [INFO] PluginManage:359 - Loaded plugin pinoutandconfiguration (category:base,tabindex:1)
2025-09-10 14:51:35,801 [INFO] PluginManage:310 - Check plugin pinoutconfig
2025-09-10 14:51:36,098 [WARN] SupportedApi:132 - Cannot load RTOS API schema: s4s-elt-must-match.1: The content of 'definitions' must match (annotation?, (simpleType | complexType)?, (unique | key | keyref)*)). A problem was found starting at: attribute.
2025-09-10 14:51:36,478 [INFO] PluginManage:359 - Loaded plugin pinoutconfig (category:base,tabindex:0)
2025-09-10 14:51:36,478 [INFO] PluginManage:310 - Check plugin power
2025-09-10 14:51:36,535 [INFO] PluginManage:359 - Loaded plugin power (category:power,tabindex:4)
2025-09-10 14:51:36,535 [INFO] PluginManage:310 - Check plugin projectmanager
2025-09-10 14:51:36,576 [INFO] PluginManage:359 - Loaded plugin projectmanager (category:projectmanager,tabindex:3)
2025-09-10 14:51:36,576 [INFO] PluginManage:310 - Check plugin thirdparty
2025-09-10 14:51:37,241 [INFO] PluginManage:359 - Loaded plugin thirdparty (category:base,tabindex:-1)
2025-09-10 14:51:37,241 [WARN] IntegrityCheckThread:84 - waiting for thirdparty lock release [integrity check]
2025-09-10 14:51:37,241 [INFO] PluginManage:310 - Check plugin tools
2025-09-10 14:51:37,241 [INFO] IntegrityCheckThread:86 - entering critical section [integrity check]
2025-09-10 14:51:37,241 [INFO] ThirdPartyUpdaterWithRetryManager:70 - Updater plugin not ready yet. [1/15]
2025-09-10 14:51:37,324 [INFO] PluginManage:359 - Loaded plugin tools (category:base,tabindex:7)
2025-09-10 14:51:37,324 [INFO] PluginManage:310 - Check plugin tutovideos
2025-09-10 14:51:37,777 [INFO] PluginManage:359 - Loaded plugin tutovideos (category:base,tabindex:-1)
2025-09-10 14:51:37,777 [INFO] PluginManage:310 - Check plugin updater
2025-09-10 14:51:37,809 [INFO] PluginManage:359 - Loaded plugin updater (category:base,tabindex:12)
2025-09-10 14:51:37,809 [INFO] PluginManage:310 - Check plugin userauth
2025-09-10 14:51:37,825 [INFO] UserAuth:114 - Init User Auth plugin
2025-09-10 14:51:37,825 [INFO] PluginManage:359 - Loaded plugin userauth (category:base,tabindex:14)
2025-09-10 14:51:37,825 [INFO] PluginManage:283 - PluginManage : Loaded plugins [17]
2025-09-10 14:51:38,427 [INFO] PinOutPanel:1561 - setPackage(No Configuration,No Configuration)
2025-09-10 14:51:38,612 [INFO] CADModel:165 - CPN selected for project level
2025-09-10 14:51:38,612 [INFO] CADModel:114 - Register for checkConnection events
2025-09-10 14:51:38,677 [INFO] IPUIPlugin:80 - create IPUIPlugin
2025-09-10 14:51:38,685 [INFO] PluginManager:220 - loadIPPluginJar : add adc
2025-09-10 14:51:38,773 [INFO] IPUIPlugin:80 - create IPUIPlugin
2025-09-10 14:51:38,773 [INFO] PluginManager:220 - loadIPPluginJar : add aes
2025-09-10 14:51:38,893 [INFO] IPUIPlugin:80 - create IPUIPlugin
2025-09-10 14:51:38,893 [INFO] PluginManager:220 - loadIPPluginJar : add can
2025-09-10 14:51:38,941 [INFO] IPUIPlugin:80 - create IPUIPlugin
2025-09-10 14:51:38,941 [INFO] PluginManager:220 - loadIPPluginJar : add comp
2025-09-10 14:51:39,029 [INFO] IPUIPlugin:80 - create IPUIPlugin
2025-09-10 14:51:39,029 [INFO] PluginManager:220 - loadIPPluginJar : add cryp
2025-09-10 14:51:39,123 [INFO] IPUIPlugin:80 - create IPUIPlugin
2025-09-10 14:51:39,125 [INFO] PluginManager:220 - loadIPPluginJar : add dfsdm
2025-09-10 14:51:39,158 [INFO] IPUIPlugin:80 - create IPUIPlugin
2025-09-10 14:51:39,166 [INFO] PluginManager:220 - loadIPPluginJar : add dma
2025-09-10 14:51:39,262 [INFO] IPUIPlugin:80 - create IPUIPlugin
2025-09-10 14:51:39,262 [INFO] PluginManager:220 - loadIPPluginJar : add dma3
2025-09-10 14:51:39,383 [INFO] IPUIPlugin:80 - create IPUIPlugin
2025-09-10 14:51:39,383 [INFO] PluginManager:220 - loadIPPluginJar : add extmemmanager
2025-09-10 14:51:39,447 [INFO] IPUIPlugin:80 - create IPUIPlugin
2025-09-10 14:51:39,447 [INFO] PluginManager:220 - loadIPPluginJar : add fatfs
2025-09-10 14:51:39,584 [INFO] IPUIPlugin:80 - create IPUIPlugin
2025-09-10 14:51:39,584 [INFO] PluginManager:220 - loadIPPluginJar : add fmc
2025-09-10 14:51:39,616 [INFO] IPUIPlugin:80 - create IPUIPlugin
2025-09-10 14:51:39,616 [INFO] PluginManager:220 - loadIPPluginJar : add freertos
2025-09-10 14:51:39,656 [INFO] IPUIPlugin:80 - create IPUIPlugin
2025-09-10 14:51:39,656 [INFO] PluginManager:220 - loadIPPluginJar : add genericplugin
2025-09-10 14:51:39,889 [INFO] IPUIPlugin:80 - create IPUIPlugin
2025-09-10 14:51:39,889 [INFO] PluginManager:220 - loadIPPluginJar : add gfxmmu
2025-09-10 14:51:40,250 [INFO] ThirdPartyUpdaterWithRetryManager:70 - Updater plugin not ready yet. [2/15]
2025-09-10 14:51:40,282 [INFO] IPUIPlugin:80 - create IPUIPlugin
2025-09-10 14:51:40,282 [INFO] PluginManager:220 - loadIPPluginJar : add gic
2025-09-10 14:51:40,322 [INFO] IPUIPlugin:80 - create IPUIPlugin
2025-09-10 14:51:40,322 [INFO] PluginManager:220 - loadIPPluginJar : add gpio
2025-09-10 14:51:40,563 [INFO] IPUIPlugin:80 - create IPUIPlugin
2025-09-10 14:51:40,563 [INFO] PluginManager:220 - loadIPPluginJar : add gtzc
2025-09-10 14:51:40,654 [INFO] IPUIPlugin:80 - create IPUIPlugin
2025-09-10 14:51:40,654 [INFO] PluginManager:220 - loadIPPluginJar : add hash
2025-09-10 14:51:40,836 [INFO] IPUIPlugin:80 - create IPUIPlugin
2025-09-10 14:51:40,836 [INFO] PluginManager:220 - loadIPPluginJar : add i2c
2025-09-10 14:51:40,949 [INFO] IPUIPlugin:80 - create IPUIPlugin
2025-09-10 14:51:40,949 [INFO] PluginManager:220 - loadIPPluginJar : add i2s
2025-09-10 14:51:41,069 [INFO] IPUIPlugin:80 - create IPUIPlugin
2025-09-10 14:51:41,069 [INFO] PluginManager:220 - loadIPPluginJar : add i3c
2025-09-10 14:51:41,351 [INFO] IPUIPlugin:80 - create IPUIPlugin
2025-09-10 14:51:41,359 [INFO] PluginManager:220 - loadIPPluginJar : add ipddr
2025-09-10 14:51:41,632 [INFO] IPUIPlugin:80 - create IPUIPlugin
2025-09-10 14:51:41,632 [INFO] PluginManager:220 - loadIPPluginJar : add linkedlist
2025-09-10 14:51:41,736 [INFO] IPUIPlugin:80 - create IPUIPlugin
2025-09-10 14:51:41,736 [INFO] PluginManager:220 - loadIPPluginJar : add lorawan
2025-09-10 14:51:41,840 [INFO] IPUIPlugin:80 - create IPUIPlugin
2025-09-10 14:51:41,848 [INFO] PluginManager:220 - loadIPPluginJar : add ltdc
2025-09-10 14:51:41,880 [INFO] IPUIPlugin:80 - create IPUIPlugin
2025-09-10 14:51:41,880 [INFO] PluginManager:220 - loadIPPluginJar : add mdma
2025-09-10 14:51:41,912 [INFO] IPUIPlugin:80 - create IPUIPlugin
2025-09-10 14:51:41,912 [INFO] PluginManager:220 - loadIPPluginJar : add nvic
2025-09-10 14:51:42,001 [INFO] IPUIPlugin:80 - create IPUIPlugin
2025-09-10 14:51:42,001 [INFO] PluginManager:220 - loadIPPluginJar : add opamp
2025-09-10 14:51:42,242 [INFO] IPUIPlugin:80 - create IPUIPlugin
2025-09-10 14:51:42,242 [INFO] PluginManager:220 - loadIPPluginJar : add openamp
2025-09-10 14:51:42,378 [INFO] IPUIPlugin:80 - create IPUIPlugin
2025-09-10 14:51:42,386 [INFO] PluginManager:220 - loadIPPluginJar : add pdm2pcm
2025-09-10 14:51:42,418 [INFO] IPUIPlugin:80 - create IPUIPlugin
2025-09-10 14:51:42,426 [INFO] PluginManager:220 - loadIPPluginJar : add plateformsettings
2025-09-10 14:51:42,482 [INFO] IPUIPlugin:80 - create IPUIPlugin
2025-09-10 14:51:42,482 [INFO] PluginManager:220 - loadIPPluginJar : add quadspi
2025-09-10 14:51:42,514 [INFO] IPUIPlugin:80 - create IPUIPlugin
2025-09-10 14:51:42,514 [INFO] PluginManager:220 - loadIPPluginJar : add resmgrutility
2025-09-10 14:51:42,651 [INFO] IPUIPlugin:80 - create IPUIPlugin
2025-09-10 14:51:42,651 [INFO] PluginManager:220 - loadIPPluginJar : add sai
2025-09-10 14:51:42,755 [INFO] IPUIPlugin:80 - create IPUIPlugin
2025-09-10 14:51:42,755 [INFO] PluginManager:220 - loadIPPluginJar : add spi
2025-09-10 14:51:42,931 [INFO] IPUIPlugin:80 - create IPUIPlugin
2025-09-10 14:51:42,931 [INFO] PluginManager:220 - loadIPPluginJar : add stm32_wpan
2025-09-10 14:51:43,019 [INFO] IPUIPlugin:80 - create IPUIPlugin
2025-09-10 14:51:43,019 [INFO] PluginManager:220 - loadIPPluginJar : add tim
2025-09-10 14:51:43,204 [INFO] IPUIPlugin:80 - create IPUIPlugin
2025-09-10 14:51:43,204 [INFO] PluginManager:220 - loadIPPluginJar : add touchsensing
2025-09-10 14:51:43,251 [INFO] ThirdPartyUpdaterWithRetryManager:70 - Updater plugin not ready yet. [3/15]
2025-09-10 14:51:43,267 [INFO] IPUIPlugin:80 - create IPUIPlugin
2025-09-10 14:51:43,267 [INFO] PluginManager:220 - loadIPPluginJar : add tracer_emb
2025-09-10 14:51:43,318 [INFO] IPUIPlugin:80 - create IPUIPlugin
2025-09-10 14:51:43,318 [INFO] PluginManager:220 - loadIPPluginJar : add ts
2025-09-10 14:51:43,380 [INFO] IPUIPlugin:80 - create IPUIPlugin
2025-09-10 14:51:43,380 [INFO] PluginManager:220 - loadIPPluginJar : add tsc
2025-09-10 14:51:43,444 [INFO] IPUIPlugin:80 - create IPUIPlugin
2025-09-10 14:51:43,444 [INFO] PluginManager:220 - loadIPPluginJar : add ucpd
2025-09-10 14:51:43,573 [INFO] IPUIPlugin:80 - create IPUIPlugin
2025-09-10 14:51:43,573 [INFO] PluginManager:220 - loadIPPluginJar : add usart
2025-09-10 14:51:43,752 [INFO] IPUIPlugin:80 - create IPUIPlugin
2025-09-10 14:51:43,752 [INFO] PluginManager:220 - loadIPPluginJar : add usbx
2025-09-10 14:51:43,999 [INFO] CADModel:165 - CPN selected for project level
2025-09-10 14:51:43,999 [INFO] CADModel:114 - Register for checkConnection events
2025-09-10 14:51:43,999 [FATAL] Updater:308 - Updater called before beeing initialized
2025-09-10 14:51:43,999 [ERROR] CADModel:125 - Updater not yet initialized, retry later 
2025-09-10 14:51:44,410 [INFO] CADModel:165 - CPN selected for project level
2025-09-10 14:51:44,410 [INFO] CADModel:114 - Register for checkConnection events
2025-09-10 14:51:44,410 [FATAL] Updater:308 - Updater called before beeing initialized
2025-09-10 14:51:44,410 [ERROR] CADModel:125 - Updater not yet initialized, retry later 
2025-09-10 14:51:44,418 [FATAL] Updater:308 - Updater called before beeing initialized
2025-09-10 14:51:44,740 [FATAL] Updater:308 - Updater called before beeing initialized
2025-09-10 14:51:44,781 [INFO] DbMcusAds:53 - JSON generation date=Tue Jul 08 13:44:23 IST 2025 (1751962463582)
2025-09-10 14:51:44,781 [FATAL] Updater:308 - Updater called before beeing initialized
2025-09-10 14:51:44,998 [WARN] DetailPanel:346 - Failed to get advertising image, set to default
2025-09-10 14:51:45,232 [FATAL] Updater:308 - Updater called before beeing initialized
2025-09-10 14:51:45,233 [FATAL] Updater:308 - Updater called before beeing initialized
2025-09-10 14:51:45,233 [FATAL] Updater:308 - Updater called before beeing initialized
2025-09-10 14:51:45,233 [WARN] DetailPanel:346 - Failed to get advertising image, set to default
2025-09-10 14:51:45,233 [FATAL] Updater:308 - Updater called before beeing initialized
2025-09-10 14:51:45,424 [ERROR] Updater:1120 - MainUpdater not yet initialized. External WinMGr cannot be set.
2025-09-10 14:51:45,448 [INFO] Updater:1056 - Updater Version found : 6.11.1
2025-09-10 14:51:45,497 [INFO] ApplicationProperties:184 - Using Application install path: D:\ST\STM32CubeIDE_1.15.1\STM32CubeIDE\plugins\com.st.stm32cube.common.mx_6.11.1.202404110753
2025-09-10 14:51:46,256 [INFO] ThirdPartyUpdaterWithRetryManager:70 - Updater plugin not ready yet. [4/15]
2025-09-10 14:51:47,153 [ERROR] LogOutputStream:75 - [STDERR_REDIRECT] Sep 10, 2025 2:51:47 PM java.util.prefs.WindowsPreferences <init>
2025-09-10 14:51:47,161 [ERROR] LogOutputStream:75 - [STDERR_REDIRECT] WARNING: Could not open/create prefs root node Software\JavaSoft\Prefs at root 0xffffffff80000002. Windows RegCreateKeyEx(...) returned error code 5.
2025-09-10 14:51:47,161 [ERROR] LogOutputStream:75 - [STDERR_REDIRECT] 
2025-09-10 14:51:48,252 [INFO] MainUpdater:2873 - connection check result : 10
2025-09-10 14:51:48,252 [INFO] MainUpdater:3567 - Updater definition file requires update
2025-09-10 14:51:48,252 [INFO] MainUpdater:290 - Updater Check For Update Now.
2025-09-10 14:51:48,258 [INFO] MicroXplorer:498 - Change Database Version : DB.6.0.111
2025-09-10 14:51:48,299 [INFO] McuFinderGlobals:63 - Set McuFinder mode to 2 (CubeIDE integrated)
2025-09-10 14:51:48,322 [INFO] UserAuth:415 - Internet connection configuration mode: 1
2025-09-10 14:51:48,381 [INFO] JxBrowserEngine:152 - Initiate JxBrowser Engine with user profile folder
2025-09-10 14:51:48,655 [INFO] ServerAccessManage:473 - Download File updaters.zip
2025-09-10 14:51:49,036 [INFO] FileExtend:240 - Unzip File : updaters.zip
2025-09-10 14:51:49,036 [INFO] FileExtend:255 - Standard Zip Deflate
2025-09-10 14:51:49,295 [WARN] MainUpdater:1194 - Updater busy. Cannot search thirdparties
2025-09-10 14:51:49,295 [INFO] ThirdPartyUpdaterWithRetryManager:96 - Updater plugin is busy. [1/15]
2025-09-10 14:51:50,896 [INFO] ServerAccessManage:473 - Download File PacksControlFlags.xml
2025-09-10 14:51:51,488 [INFO] ServerAccessManage:473 - Download File cubemx.pidx
2025-09-10 14:51:52,302 [WARN] MainUpdater:1194 - Updater busy. Cannot search thirdparties
2025-09-10 14:51:52,302 [INFO] ThirdPartyUpdaterWithRetryManager:96 - Updater plugin is busy. [2/15]
2025-09-10 14:51:53,645 [INFO] ServerAccessManage:473 - Download File STMicroelectronics.X-CUBE-FREERTOS.pdsc
2025-09-10 14:51:55,310 [WARN] MainUpdater:1194 - Updater busy. Cannot search thirdparties
2025-09-10 14:51:55,310 [INFO] ThirdPartyUpdaterWithRetryManager:96 - Updater plugin is busy. [3/15]
2025-09-10 14:51:56,630 [INFO] ServerAccessManage:473 - Download File STMicroelectronics.X-CUBE-STSE01.pdsc
2025-09-10 14:51:58,315 [WARN] MainUpdater:1194 - Updater busy. Cannot search thirdparties
2025-09-10 14:51:58,315 [INFO] ThirdPartyUpdaterWithRetryManager:96 - Updater plugin is busy. [4/15]
2025-09-10 14:51:59,060 [WARN] PackLoader:240 - Cannot read IP mode file for STMicroelectronics.X-CUBE-FREERTOS.1.3.1
2025-09-10 14:51:59,104 [WARN] PackLoader:240 - Cannot read IP mode file for STMicroelectronics.X-CUBE-STSE01.1.0.0
2025-09-10 14:51:59,108 [INFO] PopulateThirdPartyThread:66 - Ending populate Thread
2025-09-10 14:51:59,116 [INFO] ThirdParty:1030 - CMSIS Pack Vendor :STMicroelectronics X-CUBE-FREERTOS 1.3.1
2025-09-10 14:51:59,116 [INFO] ThirdParty:1030 - CMSIS Pack Vendor :STMicroelectronics X-CUBE-STSE01 1.0.0
2025-09-10 14:51:59,119 [INFO] LoadServerUpdatesThread:375 - End of LoadServerUpdate Thread
2025-09-10 14:51:59,293 [INFO] CheckServerUpdateThread:120 - End of CheckServer Thread
2025-09-10 14:52:02,560 [WARN] PackLoader:240 - Cannot read IP mode file for STMicroelectronics.FP-SNS-MOTENVWB1.1.4.0
2025-09-10 14:52:02,575 [WARN] PackLoader:240 - Cannot read IP mode file for STMicroelectronics.FP-ATR-ASTRA1.2.0.2
2025-09-10 14:52:02,618 [WARN] PackLoader:240 - Cannot read IP mode file for STMicroelectronics.X-CUBE-SMBUS.2.1.0
2025-09-10 14:52:02,640 [ERROR] Engine:466 - C:\Users\hp\.stm32cubemx\thirdparties\pdsc\STMicroelectronics.X-CUBE-ST60.1.0.0.pdsc: PDSC version is not supported
2025-09-10 14:52:02,675 [WARN] PackLoader:240 - Cannot read IP mode file for STMicroelectronics.X-CUBE-TOUCHGFX.4.23.2
2025-09-10 14:52:02,779 [WARN] PackLoader:240 - Cannot read IP mode file for STMicroelectronics.X-CUBE-AZRTOS-F7.1.1.0
2025-09-10 14:52:02,837 [WARN] PackLoader:240 - Cannot read IP mode file for STMicroelectronics.FP-SNS-MOTENV1.4.3.2
2025-09-10 14:52:02,878 [WARN] PackLoader:240 - Cannot read IP mode file for STMicroelectronics.FP-SNS-FLIGHT1.5.0.2
2025-09-10 14:52:03,063 [WARN] PackLoader:240 - Cannot read IP mode file for STMicroelectronics.X-CUBE-AZRTOS-H7.3.4.0
2025-09-10 14:52:03,136 [WARN] PackLoader:240 - Cannot read IP mode file for STMicroelectronics.X-CUBE-DISPLAY.3.0.0
2025-09-10 14:52:03,201 [WARN] PackLoader:240 - Cannot read IP mode file for STMicroelectronics.X-CUBE-BLE1.7.0.0
2025-09-10 14:52:03,251 [WARN] PackLoader:240 - Cannot read IP mode file for STMicroelectronics.X-CUBE-NFC10.1.0.0
2025-09-10 14:52:03,293 [WARN] PackLoader:240 - Cannot read IP mode file for emotas.I-CUBE-CANOPEN.1.3.0
2025-09-10 14:52:03,299 [INFO] WebApp:161 - Instantiating new browser for Auth
2025-09-10 14:52:03,307 [WARN] ConditionMgr:438 - getConditionDescription Invalid condition id : Cortex-A Device cause : null
2025-09-10 14:52:03,386 [WARN] ConditionMgr:1039 - genDependencies : Invalid condition id : Cortex-A Device cause : null
2025-09-10 14:52:03,386 [WARN] ConditionMgr:1039 - genDependencies : Invalid condition id : Cortex-A Device cause : null
2025-09-10 14:52:03,386 [WARN] ConditionMgr:1039 - genDependencies : Invalid condition id : Cortex-A Device cause : null
2025-09-10 14:52:03,450 [WARN] PackLoader:240 - Cannot read IP mode file for STMicroelectronics.X-CUBE-BLEMGR.3.1.0
2025-09-10 14:52:03,479 [ERROR] Engine:466 - C:\Users\hp\.stm32cubemx\thirdparties\pdsc\STMicroelectronics.FP-SNS-STBOX1.2.1.0.pdsc: PDSC version is not supported
2025-09-10 14:52:03,511 [WARN] PackLoader:240 - Cannot read IP mode file for STMicroelectronics.FP-SNS-SMARTAG2.1.2.0
2025-09-10 14:52:03,511 [ERROR] Engine:466 - C:\Users\hp\.stm32cubemx\thirdparties\pdsc\STMicroelectronics.FP-SNS-FLIGHT1.5.1.0.pdsc: PDSC version is not supported
2025-09-10 14:52:03,573 [INFO] LogOutputStream:77 - [STDOUT_REDIRECT] 1 : Invalid condition id : UX_CORESTACK_Condition cause : null
2025-09-10 14:52:03,577 [INFO] LogOutputStream:77 - [STDOUT_REDIRECT] 1 : Invalid condition id : UX_CORESTACK_Condition cause : null
2025-09-10 14:52:03,586 [INFO] LogOutputStream:77 - [STDOUT_REDIRECT] 1 : Invalid condition id : UX_CORESTACK_Condition cause : null
2025-09-10 14:52:03,589 [INFO] LogOutputStream:77 - [STDOUT_REDIRECT] 1 : Invalid condition id : UX_CORESTACK_Condition cause : null
2025-09-10 14:52:03,593 [INFO] LogOutputStream:77 - [STDOUT_REDIRECT] 1 : Invalid condition id : UX_CORESTACK_Condition cause : null
2025-09-10 14:52:03,603 [WARN] PackLoader:240 - Cannot read IP mode file for STMicroelectronics.X-CUBE-AZRTOS-WL.2.0.0
2025-09-10 14:52:03,650 [WARN] PackLoader:240 - Cannot read IP mode file for STMicroelectronics.FP-SNS-MOTENV1.5.0.0
2025-09-10 14:52:03,706 [WARN] PackLoader:240 - Cannot read IP mode file for WES.I-CUBE-Cesium.1.3.0
2025-09-10 14:52:03,740 [WARN] PackLoader:240 - Cannot read IP mode file for STMicroelectronics.X-CUBE-BLE2.3.3.0
2025-09-10 14:52:03,784 [WARN] PackLoader:240 - Cannot read IP mode file for STMicroelectronics.X-CUBE-NFC9.1.0.0
2025-09-10 14:52:03,821 [WARN] PackLoader:240 - Cannot read IP mode file for STMicroelectronics.X-CUBE-BLE1.7.1.0
2025-09-10 14:52:03,837 [WARN] PackLoader:240 - Cannot read IP mode file for wolfSSL.I-CUBE-wolfMQTT.1.19.2
2025-09-10 14:52:03,878 [WARN] PackLoader:240 - Cannot read IP mode file for STMicroelectronics.X-CUBE-TCPP.4.1.0
2025-09-10 14:52:03,925 [WARN] PackLoader:240 - Cannot read IP mode file for STMicroelectronics.X-CUBE-EEPRMA1.5.2.0
2025-09-10 14:52:03,959 [WARN] PackLoader:240 - Cannot read IP mode file for STMicroelectronics.X-CUBE-AI.10.1.0
2025-09-10 14:52:03,991 [WARN] PackLoader:240 - Cannot read IP mode file for STMicroelectronics.X-CUBE-ALGOBUILD.1.3.0
2025-09-10 14:52:04,072 [WARN] PackLoader:240 - Cannot read IP mode file for STMicroelectronics.X-CUBE-AZRTOS-G0.1.1.0
2025-09-10 14:52:04,112 [WARN] PackLoader:240 - Cannot read IP mode file for STMicroelectronics.X-CUBE-SAFEA1.1.2.2
2025-09-10 14:52:04,161 [WARN] PackLoader:240 - Cannot read IP mode file for STMicroelectronics.X-CUBE-NFC4.3.0.0
2025-09-10 14:52:04,209 [WARN] PackLoader:240 - Cannot read IP mode file for EmbeddedOffice.I-CUBE-FS-RTOS.1.0.1
2025-09-10 14:52:04,209 [ERROR] ConditionMgr:805 - Attr not supported : Dmpu
2025-09-10 14:52:04,209 [ERROR] ConditionMgr:805 - Attr not supported : Dmpu
2025-09-10 14:52:04,209 [ERROR] ConditionMgr:805 - Attr not supported : Dmpu
2025-09-10 14:52:04,209 [ERROR] ConditionMgr:805 - Attr not supported : Dmpu
2025-09-10 14:52:04,209 [ERROR] ConditionMgr:805 - Attr not supported : Dmpu
2025-09-10 14:52:04,209 [ERROR] ConditionMgr:805 - Attr not supported : Dmpu
2025-09-10 14:52:04,209 [ERROR] ConditionMgr:805 - Attr not supported : Dmpu
2025-09-10 14:52:04,209 [ERROR] ConditionMgr:805 - Attr not supported : Dmpu
2025-09-10 14:52:04,209 [ERROR] ConditionMgr:805 - Attr not supported : Dmpu
2025-09-10 14:52:04,209 [ERROR] ConditionMgr:805 - Attr not supported : Dmpu
2025-09-10 14:52:04,209 [ERROR] ConditionMgr:805 - Attr not supported : Dmpu
2025-09-10 14:52:04,209 [ERROR] ConditionMgr:805 - Attr not supported : Dmpu
2025-09-10 14:52:04,209 [ERROR] ConditionMgr:805 - Attr not supported : Dmpu
2025-09-10 14:52:04,209 [ERROR] ConditionMgr:805 - Attr not supported : Dmpu
2025-09-10 14:52:04,209 [ERROR] ConditionMgr:805 - Attr not supported : Dmpu
2025-09-10 14:52:04,209 [ERROR] ConditionMgr:805 - Attr not supported : Dmpu
2025-09-10 14:52:04,209 [ERROR] ConditionMgr:805 - Attr not supported : Dmpu
2025-09-10 14:52:04,209 [ERROR] ConditionMgr:805 - Attr not supported : Dmpu
2025-09-10 14:52:04,209 [ERROR] ConditionMgr:805 - Attr not supported : Dmpu
2025-09-10 14:52:04,209 [ERROR] ConditionMgr:805 - Attr not supported : Dmpu
2025-09-10 14:52:04,209 [ERROR] ConditionMgr:805 - Attr not supported : Dmpu
2025-09-10 14:52:04,209 [ERROR] ConditionMgr:805 - Attr not supported : Dmpu
2025-09-10 14:52:04,209 [ERROR] ConditionMgr:805 - Attr not supported : Dmpu
2025-09-10 14:52:04,209 [ERROR] ConditionMgr:805 - Attr not supported : Dmpu
2025-09-10 14:52:04,209 [ERROR] ConditionMgr:805 - Attr not supported : Dmpu
2025-09-10 14:52:04,209 [ERROR] ConditionMgr:805 - Attr not supported : Dmpu
2025-09-10 14:52:04,209 [ERROR] ConditionMgr:805 - Attr not supported : Dmpu
2025-09-10 14:52:04,209 [ERROR] ConditionMgr:805 - Attr not supported : Dmpu
2025-09-10 14:52:04,209 [ERROR] ConditionMgr:805 - Attr not supported : Dmpu
2025-09-10 14:52:04,209 [ERROR] ConditionMgr:805 - Attr not supported : Dmpu
2025-09-10 14:52:04,209 [ERROR] ConditionMgr:805 - Attr not supported : Dmpu
2025-09-10 14:52:04,209 [ERROR] ConditionMgr:805 - Attr not supported : Dmpu
2025-09-10 14:52:04,217 [ERROR] ConditionMgr:805 - Attr not supported : Dmpu
2025-09-10 14:52:04,217 [ERROR] ConditionMgr:805 - Attr not supported : Dmpu
2025-09-10 14:52:04,217 [ERROR] ConditionMgr:805 - Attr not supported : Dmpu
2025-09-10 14:52:04,217 [ERROR] ConditionMgr:805 - Attr not supported : Dmpu
2025-09-10 14:52:04,217 [ERROR] ConditionMgr:805 - Attr not supported : Dmpu
2025-09-10 14:52:04,217 [ERROR] ConditionMgr:805 - Attr not supported : Dmpu
2025-09-10 14:52:04,219 [ERROR] ConditionMgr:805 - Attr not supported : Dmpu
2025-09-10 14:52:04,219 [ERROR] ConditionMgr:805 - Attr not supported : Dmpu
2025-09-10 14:52:04,219 [ERROR] ConditionMgr:805 - Attr not supported : Dmpu
2025-09-10 14:52:04,219 [ERROR] ConditionMgr:805 - Attr not supported : Dmpu
2025-09-10 14:52:04,219 [ERROR] ConditionMgr:805 - Attr not supported : Dmpu
2025-09-10 14:52:04,219 [ERROR] ConditionMgr:805 - Attr not supported : Dmpu
2025-09-10 14:52:04,219 [ERROR] ConditionMgr:805 - Attr not supported : Dmpu
2025-09-10 14:52:04,219 [ERROR] ConditionMgr:805 - Attr not supported : Dmpu
2025-09-10 14:52:04,219 [ERROR] ConditionMgr:805 - Attr not supported : Dmpu
2025-09-10 14:52:04,219 [ERROR] ConditionMgr:805 - Attr not supported : Dmpu
2025-09-10 14:52:04,219 [ERROR] ConditionMgr:805 - Attr not supported : Dmpu
2025-09-10 14:52:04,219 [ERROR] ConditionMgr:805 - Attr not supported : Dmpu
2025-09-10 14:52:04,219 [ERROR] ConditionMgr:805 - Attr not supported : Dmpu
2025-09-10 14:52:04,219 [ERROR] ConditionMgr:805 - Attr not supported : Dmpu
2025-09-10 14:52:04,219 [ERROR] ConditionMgr:805 - Attr not supported : Dmpu
2025-09-10 14:52:04,219 [ERROR] ConditionMgr:805 - Attr not supported : Dmpu
2025-09-10 14:52:04,219 [ERROR] ConditionMgr:805 - Attr not supported : Dmpu
2025-09-10 14:52:04,219 [ERROR] ConditionMgr:805 - Attr not supported : Dmpu
2025-09-10 14:52:04,219 [ERROR] ConditionMgr:805 - Attr not supported : Dmpu
2025-09-10 14:52:04,219 [ERROR] ConditionMgr:805 - Attr not supported : Dmpu
2025-09-10 14:52:04,219 [ERROR] ConditionMgr:805 - Attr not supported : Dmpu
2025-09-10 14:52:04,219 [ERROR] ConditionMgr:805 - Attr not supported : Dmpu
2025-09-10 14:52:04,219 [ERROR] ConditionMgr:805 - Attr not supported : Dmpu
2025-09-10 14:52:04,219 [ERROR] ConditionMgr:805 - Attr not supported : Dmpu
2025-09-10 14:52:04,219 [ERROR] ConditionMgr:805 - Attr not supported : Dmpu
2025-09-10 14:52:04,219 [ERROR] ConditionMgr:805 - Attr not supported : Dmpu
2025-09-10 14:52:04,263 [WARN] PackLoader:240 - Cannot read IP mode file for STMicroelectronics.X-CUBE-WB05N.2.0.0
2025-09-10 14:52:04,274 [WARN] PackLoader:240 - Cannot read IP mode file for wolfSSL.I-CUBE-wolfTPM.3.8.0
2025-09-10 14:52:04,300 [ERROR] Engine:466 - C:\Users\hp\.stm32cubemx\thirdparties\pdsc\STMicroelectronics.X-CUBE-TCPP.4.2.0.pdsc: PDSC version is not supported
2025-09-10 14:52:04,323 [WARN] PackLoader:240 - Cannot read IP mode file for RealThread.X-CUBE-RT-Thread_Nano.4.1.1
2025-09-10 14:52:04,352 [WARN] PackLoader:240 - Cannot read IP mode file for wolfSSL.I-CUBE-wolfSSL.5.7.0
2025-09-10 14:52:04,355 [WARN] PackLoader:240 - Cannot read IP mode file for STMicroelectronics.FP-ATR-SIGFOX1.3.2.0
2025-09-10 14:52:04,387 [WARN] PackLoader:240 - Cannot read IP mode file for STMicroelectronics.X-CUBE-EEPRMA1.5.1.0
2025-09-10 14:52:04,434 [WARN] PackLoader:240 - Cannot read IP mode file for ITTIA_DB.I-CUBE-ITTIADB.8.9.0
2025-09-10 14:52:04,460 [ERROR] Engine:466 - C:\Users\hp\.stm32cubemx\thirdparties\pdsc\STMicroelectronics.X-CUBE-ST67W61.1.0.0.pdsc: PDSC version is not supported
2025-09-10 14:52:04,485 [WARN] PackLoader:240 - Cannot read IP mode file for STMicroelectronics.X-CUBE-AI.10.2.0
2025-09-10 14:52:04,606 [WARN] PackLoader:240 - Cannot read IP mode file for SEGGER.I-CUBE-embOS.1.3.1
2025-09-10 14:52:04,770 [WARN] PackLoader:240 - Cannot read IP mode file for STMicroelectronics.X-CUBE-ALGOBUILD.1.4.0
2025-09-10 14:52:04,956 [WARN] PackLoader:240 - Cannot read IP mode file for STMicroelectronics.X-CUBE-MEMS1.11.3.0
2025-09-10 14:52:05,339 [WARN] PackLoader:240 - Cannot read IP mode file for STMicroelectronics.X-CUBE-PM33A1.1.0.0
2025-09-10 14:52:05,388 [WARN] PackLoader:240 - Cannot read IP mode file for STMicroelectronics.X-CUBE-GNSS1.6.0.0
2025-09-10 14:52:05,404 [INFO] WebApp:779 - Register for checkConnection events
2025-09-10 14:52:05,404 [INFO] WebApp:414 - Apply proxy settings
2025-09-10 14:52:05,404 [INFO] WebApp:499 - Chromium requires no authentication
2025-09-10 14:52:05,428 [INFO] WebApp:442 - Direct internet connection detected
2025-09-10 14:52:05,461 [WARN] PackLoader:240 - Cannot read IP mode file for STMicroelectronics.X-CUBE-AZRTOS-F4.1.1.0
2025-09-10 14:52:05,469 [ERROR] Engine:466 - C:\Users\hp\.stm32cubemx\thirdparties\pdsc\Avnet-IotConnect.X-CUBE-IoTC-DA16k-PMOD.1.0.0.pdsc: PDSC version is not supported
2025-09-10 14:52:05,503 [WARN] PackLoader:240 - Cannot read IP mode file for STMicroelectronics.X-CUBE-ISPU.2.1.0
2025-09-10 14:52:05,606 [WARN] PackLoader:240 - Cannot read IP mode file for STMicroelectronics.X-CUBE-NFC12.1.0.0
2025-09-10 14:52:05,703 [WARN] PackLoader:240 - Cannot read IP mode file for STMicroelectronics.X-CUBE-AZRTOS-L5.2.0.0
2025-09-10 14:52:05,752 [WARN] PackLoader:240 - Cannot read IP mode file for STMicroelectronics.X-CUBE-NFC6.3.1.0
2025-09-10 14:52:05,793 [WARN] PackLoader:240 - Cannot read IP mode file for STMicroelectronics.X-CUBE-AI.9.0.0
2025-09-10 14:52:05,801 [WARN] PackLoader:240 - Cannot read IP mode file for STMicroelectronics.X-CUBE-FREERTOS.1.3.1
2025-09-10 14:52:05,841 [WARN] PackLoader:240 - Cannot read IP mode file for STMicroelectronics.X-CUBE-NFC7.1.0.1
2025-09-10 14:52:05,868 [ERROR] Engine:466 - C:\Users\hp\.stm32cubemx\thirdparties\pdsc\STMicroelectronics.FP-SNS-STAIOTCFT.1.0.0.pdsc: PDSC version is not supported
2025-09-10 14:52:05,906 [WARN] PackLoader:240 - Cannot read IP mode file for STMicroelectronics.X-CUBE-DPower.1.3.0
2025-09-10 14:52:05,930 [WARN] PackLoader:240 - Cannot read IP mode file for STMicroelectronics.X-CUBE-AI.8.1.0
2025-09-10 14:52:06,011 [WARN] ConditionMgr:438 - getConditionDescription Invalid condition id : LAN8742 Phy interface Condition cause : null
2025-09-10 14:52:06,011 [WARN] PackLoader:240 - Cannot read IP mode file for STMicroelectronics.X-CUBE-AZRTOS-L4.2.0.0
2025-09-10 14:52:06,019 [WARN] ConditionMgr:1039 - genDependencies : Invalid condition id : LAN8742 Phy interface Condition cause : null
2025-09-10 14:52:06,019 [WARN] ConditionMgr:1039 - genDependencies : Invalid condition id : LAN8742 Phy interface Condition cause : null
2025-09-10 14:52:06,019 [WARN] ConditionMgr:1039 - genDependencies : Invalid condition id : LAN8742 Phy interface Condition cause : null
2025-09-10 14:52:06,059 [WARN] PackLoader:240 - Cannot read IP mode file for STMicroelectronics.X-CUBE-SFXS2LP1.4.0.0
2025-09-10 14:52:06,091 [ERROR] Engine:466 - C:\Users\hp\.stm32cubemx\thirdparties\pdsc\STMicroelectronics.X-CUBE-BLEMGR.4.1.0.pdsc: PDSC version is not supported
2025-09-10 14:52:06,156 [WARN] ConditionMgr:438 - getConditionDescription Invalid condition id : UX DEVICE CLASS RTOS Condition cause : null
2025-09-10 14:52:06,156 [WARN] ConditionMgr:438 - getConditionDescription Invalid condition id : UX DEVICE CLASS RTOS Condition cause : null
2025-09-10 14:52:06,166 [WARN] PackLoader:240 - Cannot read IP mode file for STMicroelectronics.X-CUBE-AZRTOS-WB.2.0.0
2025-09-10 14:52:06,166 [WARN] ConditionMgr:1039 - genDependencies : Invalid condition id : UX DEVICE CLASS RTOS Condition cause : null
2025-09-10 14:52:06,166 [WARN] ConditionMgr:1039 - genDependencies : Invalid condition id : UX DEVICE CLASS RTOS Condition cause : null
2025-09-10 14:52:06,166 [WARN] ConditionMgr:1039 - genDependencies : Invalid condition id : UX DEVICE CLASS RTOS Condition cause : null
2025-09-10 14:52:06,166 [WARN] ConditionMgr:1039 - genDependencies : Invalid condition id : UX DEVICE CLASS RTOS Condition cause : null
2025-09-10 14:52:06,166 [WARN] ConditionMgr:1039 - genDependencies : Invalid condition id : UX DEVICE CLASS RTOS Condition cause : null
2025-09-10 14:52:06,205 [INFO] WebApp:192 - Starting web application
2025-09-10 14:52:06,205 [INFO] WebApp:544 - Web application path used D:\ST\STM32CubeIDE_1.15.1\STM32CubeIDE\plugins\com.st.stm32cube.common.mx_6.11.1.202404110753\db\plugins\mcufinder\reactClient1\index.html
2025-09-10 14:52:06,211 [WARN] PackLoader:240 - Cannot read IP mode file for STMicroelectronics.X-CUBE-GNSS1.7.0.1
2025-09-10 14:52:06,254 [WARN] PackLoader:240 - Cannot read IP mode file for STMicroelectronics.X-CUBE-TOUCHGFX.4.25.0
2025-09-10 14:52:06,295 [WARN] PackLoader:240 - Cannot read IP mode file for STMicroelectronics.FP-SNS-STBOX1.2.0.0
2025-09-10 14:52:06,343 [WARN] PackLoader:240 - Cannot read IP mode file for STMicroelectronics.X-CUBE-SUBG2.5.0.0
2025-09-10 14:52:06,435 [WARN] PackLoader:240 - Cannot read IP mode file for STMicroelectronics.X-CUBE-AZRTOS-H7RS.1.1.0
2025-09-10 14:52:06,449 [WARN] PackLoader:240 - Cannot read IP mode file for Cesanta.I-CUBE-Mongoose.7.13.0
2025-09-10 14:52:06,516 [WARN] PackLoader:240 - Cannot read IP mode file for STMicroelectronics.X-CUBE-AZRTOS-G4.2.0.0
2025-09-10 14:52:06,532 [WARN] PackLoader:240 - Cannot read IP mode file for wolfSSL.I-CUBE-wolfSSH.1.4.20
2025-09-10 14:52:06,553 [WARN] PackLoader:240 - Cannot read IP mode file for STMicroelectronics.X-CUBE-NFC7.2.0.0
2025-09-10 14:52:06,585 [WARN] PackLoader:240 - Cannot read IP mode file for STMicroelectronics.FP-SNS-MOTENVWB1.1.3.1
2025-09-10 14:52:06,619 [WARN] PackLoader:240 - Cannot read IP mode file for STMicroelectronics.X-CUBE-ISPU.2.0.0
2025-09-10 14:52:06,650 [ERROR] Engine:466 - C:\Users\hp\.stm32cubemx\thirdparties\pdsc\STMicroelectronics.X-CUBE-IPS.3.1.0.pdsc: PDSC version is not supported
2025-09-10 14:52:06,813 [WARN] PackLoader:240 - Cannot read IP mode file for STMicroelectronics.X-CUBE-MEMS1.10.0.0
2025-09-10 14:52:07,184 [WARN] PackLoader:240 - Cannot read IP mode file for STMicroelectronics.X-CUBE-FREERTOS.1.1.0
2025-09-10 14:52:07,202 [WARN] PackLoader:240 - Cannot read IP mode file for STMicroelectronics.X-CUBE-STSE01.1.0.0
2025-09-10 14:52:07,237 [WARN] PackLoader:240 - Cannot read IP mode file for portGmbH.I-Cube-SoM-uGOAL.1.1.0
2025-09-10 14:52:07,270 [WARN] PackLoader:240 - Cannot read IP mode file for STMicroelectronics.X-CUBE-ALS.1.0.1
2025-09-10 14:52:07,356 [WARN] PackLoader:240 - Cannot read IP mode file for STMicroelectronics.X-CUBE-AZRTOS-H7RS.1.0.0
2025-09-10 14:52:07,401 [WARN] PackLoader:240 - Cannot read IP mode file for STMicroelectronics.FP-ATR-ASTRA1.2.0.0
2025-09-10 14:52:07,459 [ERROR] Engine:466 - C:\Users\hp\.stm32cubemx\thirdparties\pdsc\STMicroelectronics.X-CUBE-TOF1.3.4.3.pdsc: PDSC version is not supported
2025-09-10 14:52:07,533 [WARN] PackLoader:240 - Cannot read IP mode file for STMicroelectronics.X-CUBE-TOF1.3.4.1
2025-09-10 14:52:07,652 [WARN] PackLoader:240 - Cannot read IP mode file for STMicroelectronics.X-CUBE-AZRTOS-H7.3.2.0
2025-09-10 14:52:07,731 [WARN] PackLoader:240 - Cannot read IP mode file for Infineon.AIROC-Wi-Fi-Bluetooth-STM32.1.6.0
2025-09-10 14:52:07,734 [INFO] ThirdParty:978 - Integrity check success = true
2025-09-10 14:52:07,734 [INFO] IntegrityCheckThread:100 - exiting critical section [integrity check]
2025-09-10 14:52:07,734 [INFO] IntegrityCheckThread:103 - End integrity checks thread
2025-09-10 15:00:15,243 [ERROR] LogOutputStream:75 - [STDERR_REDIRECT] 
2025-09-10 15:00:15,244 [ERROR] LogOutputStream:75 - [STDERR_REDIRECT] 
